PARCOACH: tests/MPI/basic/src/CIVL_barrierScatter.c: warning: MPI_Scatter line 25 possibly not called by all processes because of conditional(s) line(s)  21 (tests/MPI/basic/src/CIVL_barrierScatter.c) (full-inter)
PARCOACH: tests/MPI/basic/src/CIVL_barrierScatter.c: warning: MPI_Barrier line 26 possibly not called by all processes because of conditional(s) line(s)  21 (tests/MPI/basic/src/CIVL_barrierScatter.c) (full-inter)
PARCOACH: tests/MPI/basic/src/CIVL_barrierScatter.c: warning: MPI_Barrier line 28 possibly not called by all processes because of conditional(s) line(s)  21 (tests/MPI/basic/src/CIVL_barrierScatter.c) (full-inter)
PARCOACH: tests/MPI/basic/src/CIVL_barrierScatter.c: warning: MPI_Scatter line 29 possibly not called by all processes because of conditional(s) line(s)  21 (tests/MPI/basic/src/CIVL_barrierScatter.c) (full-inter)
