PARCOACH: tests/MPI/basic/src/CIVL_bcast_bad.c: warning: MPI_Bcast line 23 possibly not called by all processes because of conditional(s) line(s)  22 (tests/MPI/basic/src/CIVL_bcast_bad.c) (Call Ordering Error)
