PARCOACH: the test should raise an error, this is a placeholder for it.
