PARCOACH: tests/MPI/basic/src/mismatch_barrier6.c: warning: MPI_Barrier line 11 possibly not called by all processes because of conditional(s) line(s)  10 (tests/MPI/basic/src/mismatch_barrier6.c) (full-inter)
