PARCOACH: tests/MPI/basic/src/mismatch_barrier_nb.c: warning: MPI_Ibarrier line 13 possibly not called by all processes because of conditional(s) line(s)  24 (tests/MPI/basic/src/mismatch_barrier_nb.c) (Call Ordering Error)
PARCOACH: tests/MPI/basic/src/mismatch_barrier_nb.c: warning: MPI_Barrier line 25 possibly not called by all processes because of conditional(s) line(s)  24 (tests/MPI/basic/src/mismatch_barrier_nb.c) (Call Ordering Error)
