PARCOACH: tests/MPI/basic/src/phi-cond.c: warning: MPI_Barrier line 23 possibly not called by all processes because of conditional(s) line(s)  22 (tests/MPI/basic/src/phi-cond.c) (Call Ordering Error)
