PARCOACH: tests/MPI/basic/src/pointer-alias.c: warning: MPI_Barrier line 16 possibly not called by all processes because of conditional(s) line(s)  15 (tests/MPI/basic/src/pointer-alias.c) (Call Ordering Error)
