PARCOACH: tests/MPI/CIVL_bcast_bad.c: warning: MPI_Bcast line 24 possibly not called by all processes because of conditional(s) line(s)  23 (tests/MPI/CIVL_bcast_bad.c) (full-inter)
