PARCOACH: tests/MPI/error2.c: warning: MPI_Barrier line 12 possibly not called by all processes because of conditional(s) line(s)  11 (tests/MPI/error2.c) (full-inter)
