PARCOACH: tests/MPI/loop_finalize.c: warning: MPI_Barrier line 28 possibly not called by all processes because of conditional(s) line(s)  21 (tests/MPI/loop_finalize.c) (full-inter)
