PARCOACH: tests/MPI/loop_exit2.c: warning: MPI_Barrier line 29 possibly not called by all processes because of conditional(s) line(s)  21 (tests/MPI/loop_exit2.c) (full-inter)
