PARCOACH: tests/MPI/basic/CIVL_BcastReduce2.c: warning: MPI_Reduce line 23 possibly not called by all processes because of conditional(s) line(s)  22 (tests/MPI/basic/CIVL_BcastReduce2.c) (full-inter)
