PARCOACH: tests/MPI/basic/mismatch_barrier3.c: warning: MPI_Barrier line 6 possibly not called by all processes because of conditional(s) line(s)  22 (tests/MPI/basic/mismatch_barrier3.c) (full-inter)
