PARCOACH: tests/MPI/basic/pointer-instance.c: warning: MPI_Barrier line 11 possibly not called by all processes because of conditional(s) line(s)  10 (tests/MPI/basic/pointer-instance.c) (full-inter)
